Copyright 1986-2022 Xilinx, Inc. All Rights Reserved. Copyright 2022-2023 Advanced Micro Devices, Inc. All Rights Reserved.
---------------------------------------------------------------------------------------------------------------------------------------------
| Tool Version : Vivado v.2023.2 (win64) Build 4029153 Fri Oct 13 20:14:34 MDT 2023
| Date         : Fri Jul 10 22:34:50 2026
| Host         : QIAN running 64-bit major release  (build 9200)
| Command      : report_drc -file top_drc_routed.rpt -pb top_drc_routed.pb -rpx top_drc_routed.rpx
| Design       : top
| Device       : xc7a100tcsg324-1
| Speed File   : -1
| Design State : Fully Routed
---------------------------------------------------------------------------------------------------------------------------------------------

Report DRC

Table of Contents
-----------------
1. REPORT SUMMARY
2. REPORT DETAILS

1. REPORT SUMMARY
-----------------
            Netlist: netlist
          Floorplan: design_1
      Design limits: <entire design considered>
           Ruledeck: default
             Max violations: <unlimited>
             Violations found: 28
+-----------+----------+-----------------------------------------------------+------------+
| Rule      | Severity | Description                                         | Violations |
+-----------+----------+-----------------------------------------------------+------------+
| CFGBVS-1  | Warning  | Missing CFGBVS and CONFIG_VOLTAGE Design Properties | 1          |
| CHECK-3   | Warning  | Report rule limit reached                           | 1          |
| DPIP-1    | Warning  | Input pipelining                                    | 3          |
| DPOP-1    | Warning  | PREG Output pipelining                              | 1          |
| DPOP-2    | Warning  | MREG Output pipelining                              | 1          |
| REQP-1709 | Warning  | Clock output buffering                              | 1          |
| REQP-1839 | Warning  | RAMB36 async control check                          | 20         |
+-----------+----------+-----------------------------------------------------+------------+

2. REPORT DETAILS
-----------------
CFGBVS-1#1 Warning
Missing CFGBVS and CONFIG_VOLTAGE Design Properties  
Neither the CFGBVS nor CONFIG_VOLTAGE voltage property is set in the current_design.  Configuration bank voltage select (CFGBVS) must be set to VCCO or GND, and CONFIG_VOLTAGE must be set to the correct configuration voltage, in order to determine the I/O voltage support for the pins in bank 0.  It is suggested to specify these either using the 'Edit Device Properties' function in the GUI or directly in the XDC file using the following syntax:

 set_property CFGBVS value1 [current_design]
 #where value1 is either VCCO or GND

 set_property CONFIG_VOLTAGE value2 [current_design]
 #where value2 is the voltage provided to configuration bank 0

Refer to the device configuration user guide for more information.
Related violations: <none>

CHECK-3#1 Warning
Report rule limit reached  
REQP-1839 rule limit reached: 20 violations have been found.
Related violations: <none>

DPIP-1#1 Warning
Input pipelining  
DSP soc/bus/fp/mul_unit/exp_y1 input soc/bus/fp/mul_unit/exp_y1/A[29:0] is not pipelined. Pipelining DSP48 input will improve performance.
Related violations: <none>

DPIP-1#2 Warning
Input pipelining  
DSP soc/bus/fp/mul_unit/exp_y1__0 input soc/bus/fp/mul_unit/exp_y1__0/A[29:0] is not pipelined. Pipelining DSP48 input will improve performance.
Related violations: <none>

DPIP-1#3 Warning
Input pipelining  
DSP soc/bus/fp/mul_unit/exp_y1__0 input soc/bus/fp/mul_unit/exp_y1__0/B[17:0] is not pipelined. Pipelining DSP48 input will improve performance.
Related violations: <none>

DPOP-1#1 Warning
PREG Output pipelining  
DSP soc/bus/fp/mul_unit/exp_y1__0 output soc/bus/fp/mul_unit/exp_y1__0/P[47:0] is not pipelined (PREG=0). Pipelining the DSP48 output will improve performance and often saves power so it is suggested whenever possible to fully pipeline this function.  If this DSP48 function was inferred, it is suggested to describe an additional register stage after this function.  If the DSP48 was instantiated in the design, it is suggested to set the PREG attribute to 1.
Related violations: <none>

DPOP-2#1 Warning
MREG Output pipelining  
DSP soc/bus/fp/mul_unit/exp_y1__0 multiplier stage soc/bus/fp/mul_unit/exp_y1__0/P[47:0] is not pipelined (MREG=0). Pipelining the multiplier function will improve performance and will save significant power so it is suggested whenever possible to fully pipeline this function.  If this multiplier was inferred, it is suggested to describe an additional register stage after this function.  If there is no registered adder/accumulator following the multiply function, two pipeline stages are suggested to allow both the MREG and PREG registers to be used.  If the DSP48 was instantiated in the design, it is suggested to set both the MREG and PREG attributes to 1 when performing multiply functions.
Related violations: <none>

REQP-1709#1 Warning
Clock output buffering  
PLLE2_ADV connectivity violation. The signal u_bupt_riscv_mig/u_bupt_riscv_mig_mig/u_ddr2_infrastructure/pll_clk3_out on the u_bupt_riscv_mig/u_bupt_riscv_mig_mig/u_ddr2_infrastructure/plle2_i/CLKOUT3 pin of u_bupt_riscv_mig/u_bupt_riscv_mig_mig/u_ddr2_infrastructure/plle2_i does not drive the same kind of BUFFER load as the other CLKOUT pins. Routing from the different buffer types will not be phase aligned.
Related violations: <none>

REQP-1839#1 Warning
RAMB36 async control check  
The RAMB36E1 soc/bus/iboot/spo_reg_0 has an input control pin soc/bus/iboot/spo_reg_0/ADDRARDADDR[10] (net: soc/bus/iboot/ADDRARDADDR[7]) which is driven by a register (soc/bus/icache_i/be_addr_reg[9]) that has an active asychronous set or reset. This may cause corruption of the memory contents and/or read values when the set/reset is asserted and is not analyzed by the default static timing analysis. It is suggested to eliminate the use of a set/reset to registers driving this RAMB pin or else use a synchronous reset in which the assertion of the reset is timed by default.
Related violations: <none>

REQP-1839#2 Warning
RAMB36 async control check  
The RAMB36E1 soc/bus/iboot/spo_reg_0 has an input control pin soc/bus/iboot/spo_reg_0/ADDRARDADDR[11] (net: soc/bus/iboot/ADDRARDADDR[8]) which is driven by a register (soc/bus/icache_i/be_addr_reg[10]) that has an active asychronous set or reset. This may cause corruption of the memory contents and/or read values when the set/reset is asserted and is not analyzed by the default static timing analysis. It is suggested to eliminate the use of a set/reset to registers driving this RAMB pin or else use a synchronous reset in which the assertion of the reset is timed by default.
Related violations: <none>

REQP-1839#3 Warning
RAMB36 async control check  
The RAMB36E1 soc/bus/iboot/spo_reg_0 has an input control pin soc/bus/iboot/spo_reg_0/ADDRARDADDR[12] (net: soc/bus/iboot/ADDRARDADDR[9]) which is driven by a register (soc/bus/icache_i/be_addr_reg[11]) that has an active asychronous set or reset. This may cause corruption of the memory contents and/or read values when the set/reset is asserted and is not analyzed by the default static timing analysis. It is suggested to eliminate the use of a set/reset to registers driving this RAMB pin or else use a synchronous reset in which the assertion of the reset is timed by default.
Related violations: <none>

REQP-1839#4 Warning
RAMB36 async control check  
The RAMB36E1 soc/bus/iboot/spo_reg_0 has an input control pin soc/bus/iboot/spo_reg_0/ADDRARDADDR[13] (net: soc/bus/iboot/ADDRARDADDR[10]) which is driven by a register (soc/bus/icache_i/be_addr_reg[12]) that has an active asychronous set or reset. This may cause corruption of the memory contents and/or read values when the set/reset is asserted and is not analyzed by the default static timing analysis. It is suggested to eliminate the use of a set/reset to registers driving this RAMB pin or else use a synchronous reset in which the assertion of the reset is timed by default.
Related violations: <none>

REQP-1839#5 Warning
RAMB36 async control check  
The RAMB36E1 soc/bus/iboot/spo_reg_0 has an input control pin soc/bus/iboot/spo_reg_0/ADDRARDADDR[14] (net: soc/bus/iboot/ADDRARDADDR[11]) which is driven by a register (soc/bus/icache_i/be_addr_reg[13]) that has an active asychronous set or reset. This may cause corruption of the memory contents and/or read values when the set/reset is asserted and is not analyzed by the default static timing analysis. It is suggested to eliminate the use of a set/reset to registers driving this RAMB pin or else use a synchronous reset in which the assertion of the reset is timed by default.
Related violations: <none>

REQP-1839#6 Warning
RAMB36 async control check  
The RAMB36E1 soc/bus/iboot/spo_reg_0 has an input control pin soc/bus/iboot/spo_reg_0/ADDRARDADDR[3] (net: soc/bus/iboot/ADDRARDADDR[0]) which is driven by a register (soc/bus/icache_i/be_addr_reg[2]) that has an active asychronous set or reset. This may cause corruption of the memory contents and/or read values when the set/reset is asserted and is not analyzed by the default static timing analysis. It is suggested to eliminate the use of a set/reset to registers driving this RAMB pin or else use a synchronous reset in which the assertion of the reset is timed by default.
Related violations: <none>

REQP-1839#7 Warning
RAMB36 async control check  
The RAMB36E1 soc/bus/iboot/spo_reg_0 has an input control pin soc/bus/iboot/spo_reg_0/ADDRARDADDR[4] (net: soc/bus/iboot/ADDRARDADDR[1]) which is driven by a register (soc/bus/icache_i/be_addr_reg[3]) that has an active asychronous set or reset. This may cause corruption of the memory contents and/or read values when the set/reset is asserted and is not analyzed by the default static timing analysis. It is suggested to eliminate the use of a set/reset to registers driving this RAMB pin or else use a synchronous reset in which the assertion of the reset is timed by default.
Related violations: <none>

REQP-1839#8 Warning
RAMB36 async control check  
The RAMB36E1 soc/bus/iboot/spo_reg_0 has an input control pin soc/bus/iboot/spo_reg_0/ADDRARDADDR[5] (net: soc/bus/iboot/ADDRARDADDR[2]) which is driven by a register (soc/bus/icache_i/be_addr_reg[4]) that has an active asychronous set or reset. This may cause corruption of the memory contents and/or read values when the set/reset is asserted and is not analyzed by the default static timing analysis. It is suggested to eliminate the use of a set/reset to registers driving this RAMB pin or else use a synchronous reset in which the assertion of the reset is timed by default.
Related violations: <none>

REQP-1839#9 Warning
RAMB36 async control check  
The RAMB36E1 soc/bus/iboot/spo_reg_0 has an input control pin soc/bus/iboot/spo_reg_0/ADDRARDADDR[6] (net: soc/bus/iboot/ADDRARDADDR[3]) which is driven by a register (soc/bus/icache_i/be_addr_reg[5]) that has an active asychronous set or reset. This may cause corruption of the memory contents and/or read values when the set/reset is asserted and is not analyzed by the default static timing analysis. It is suggested to eliminate the use of a set/reset to registers driving this RAMB pin or else use a synchronous reset in which the assertion of the reset is timed by default.
Related violations: <none>

REQP-1839#10 Warning
RAMB36 async control check  
The RAMB36E1 soc/bus/iboot/spo_reg_0 has an input control pin soc/bus/iboot/spo_reg_0/ADDRARDADDR[7] (net: soc/bus/iboot/ADDRARDADDR[4]) which is driven by a register (soc/bus/icache_i/be_addr_reg[6]) that has an active asychronous set or reset. This may cause corruption of the memory contents and/or read values when the set/reset is asserted and is not analyzed by the default static timing analysis. It is suggested to eliminate the use of a set/reset to registers driving this RAMB pin or else use a synchronous reset in which the assertion of the reset is timed by default.
Related violations: <none>

REQP-1839#11 Warning
RAMB36 async control check  
The RAMB36E1 soc/bus/iboot/spo_reg_0 has an input control pin soc/bus/iboot/spo_reg_0/ADDRARDADDR[8] (net: soc/bus/iboot/ADDRARDADDR[5]) which is driven by a register (soc/bus/icache_i/be_addr_reg[7]) that has an active asychronous set or reset. This may cause corruption of the memory contents and/or read values when the set/reset is asserted and is not analyzed by the default static timing analysis. It is suggested to eliminate the use of a set/reset to registers driving this RAMB pin or else use a synchronous reset in which the assertion of the reset is timed by default.
Related violations: <none>

REQP-1839#12 Warning
RAMB36 async control check  
The RAMB36E1 soc/bus/iboot/spo_reg_0 has an input control pin soc/bus/iboot/spo_reg_0/ADDRARDADDR[9] (net: soc/bus/iboot/ADDRARDADDR[6]) which is driven by a register (soc/bus/icache_i/be_addr_reg[8]) that has an active asychronous set or reset. This may cause corruption of the memory contents and/or read values when the set/reset is asserted and is not analyzed by the default static timing analysis. It is suggested to eliminate the use of a set/reset to registers driving this RAMB pin or else use a synchronous reset in which the assertion of the reset is timed by default.
Related violations: <none>

REQP-1839#13 Warning
RAMB36 async control check  
The RAMB36E1 soc/bus/iboot/spo_reg_1 has an input control pin soc/bus/iboot/spo_reg_1/ADDRARDADDR[10] (net: soc/bus/iboot/ADDRARDADDR[7]) which is driven by a register (soc/bus/icache_i/be_addr_reg[9]) that has an active asychronous set or reset. This may cause corruption of the memory contents and/or read values when the set/reset is asserted and is not analyzed by the default static timing analysis. It is suggested to eliminate the use of a set/reset to registers driving this RAMB pin or else use a synchronous reset in which the assertion of the reset is timed by default.
Related violations: <none>

REQP-1839#14 Warning
RAMB36 async control check  
The RAMB36E1 soc/bus/iboot/spo_reg_1 has an input control pin soc/bus/iboot/spo_reg_1/ADDRARDADDR[11] (net: soc/bus/iboot/ADDRARDADDR[8]) which is driven by a register (soc/bus/icache_i/be_addr_reg[10]) that has an active asychronous set or reset. This may cause corruption of the memory contents and/or read values when the set/reset is asserted and is not analyzed by the default static timing analysis. It is suggested to eliminate the use of a set/reset to registers driving this RAMB pin or else use a synchronous reset in which the assertion of the reset is timed by default.
Related violations: <none>

REQP-1839#15 Warning
RAMB36 async control check  
The RAMB36E1 soc/bus/iboot/spo_reg_1 has an input control pin soc/bus/iboot/spo_reg_1/ADDRARDADDR[12] (net: soc/bus/iboot/ADDRARDADDR[9]) which is driven by a register (soc/bus/icache_i/be_addr_reg[11]) that has an active asychronous set or reset. This may cause corruption of the memory contents and/or read values when the set/reset is asserted and is not analyzed by the default static timing analysis. It is suggested to eliminate the use of a set/reset to registers driving this RAMB pin or else use a synchronous reset in which the assertion of the reset is timed by default.
Related violations: <none>

REQP-1839#16 Warning
RAMB36 async control check  
The RAMB36E1 soc/bus/iboot/spo_reg_1 has an input control pin soc/bus/iboot/spo_reg_1/ADDRARDADDR[13] (net: soc/bus/iboot/ADDRARDADDR[10]) which is driven by a register (soc/bus/icache_i/be_addr_reg[12]) that has an active asychronous set or reset. This may cause corruption of the memory contents and/or read values when the set/reset is asserted and is not analyzed by the default static timing analysis. It is suggested to eliminate the use of a set/reset to registers driving this RAMB pin or else use a synchronous reset in which the assertion of the reset is timed by default.
Related violations: <none>

REQP-1839#17 Warning
RAMB36 async control check  
The RAMB36E1 soc/bus/iboot/spo_reg_1 has an input control pin soc/bus/iboot/spo_reg_1/ADDRARDADDR[14] (net: soc/bus/iboot/ADDRARDADDR[11]) which is driven by a register (soc/bus/icache_i/be_addr_reg[13]) that has an active asychronous set or reset. This may cause corruption of the memory contents and/or read values when the set/reset is asserted and is not analyzed by the default static timing analysis. It is suggested to eliminate the use of a set/reset to registers driving this RAMB pin or else use a synchronous reset in which the assertion of the reset is timed by default.
Related violations: <none>

REQP-1839#18 Warning
RAMB36 async control check  
The RAMB36E1 soc/bus/iboot/spo_reg_1 has an input control pin soc/bus/iboot/spo_reg_1/ADDRARDADDR[7] (net: soc/bus/iboot/ADDRARDADDR[4]) which is driven by a register (soc/bus/icache_i/be_addr_reg[6]) that has an active asychronous set or reset. This may cause corruption of the memory contents and/or read values when the set/reset is asserted and is not analyzed by the default static timing analysis. It is suggested to eliminate the use of a set/reset to registers driving this RAMB pin or else use a synchronous reset in which the assertion of the reset is timed by default.
Related violations: <none>

REQP-1839#19 Warning
RAMB36 async control check  
The RAMB36E1 soc/bus/iboot/spo_reg_1 has an input control pin soc/bus/iboot/spo_reg_1/ADDRARDADDR[8] (net: soc/bus/iboot/ADDRARDADDR[5]) which is driven by a register (soc/bus/icache_i/be_addr_reg[7]) that has an active asychronous set or reset. This may cause corruption of the memory contents and/or read values when the set/reset is asserted and is not analyzed by the default static timing analysis. It is suggested to eliminate the use of a set/reset to registers driving this RAMB pin or else use a synchronous reset in which the assertion of the reset is timed by default.
Related violations: <none>

REQP-1839#20 Warning
RAMB36 async control check  
The RAMB36E1 soc/bus/iboot/spo_reg_1 has an input control pin soc/bus/iboot/spo_reg_1/ADDRARDADDR[9] (net: soc/bus/iboot/ADDRARDADDR[6]) which is driven by a register (soc/bus/icache_i/be_addr_reg[8]) that has an active asychronous set or reset. This may cause corruption of the memory contents and/or read values when the set/reset is asserted and is not analyzed by the default static timing analysis. It is suggested to eliminate the use of a set/reset to registers driving this RAMB pin or else use a synchronous reset in which the assertion of the reset is timed by default.
Related violations: <none>


