Copyright 1986-2022 Xilinx, Inc. All Rights Reserved. Copyright 2022-2023 Advanced Micro Devices, Inc. All Rights Reserved.
-------------------------------------------------------------------------------------------------------------------------------------------------
| Tool Version     : Vivado v.2023.2 (win64) Build 4029153 Fri Oct 13 20:14:34 MDT 2023
| Date             : Fri Jul 10 22:35:08 2026
| Host             : QIAN running 64-bit major release  (build 9200)
| Command          : report_power -file top_power_routed.rpt -pb top_power_summary_routed.pb -rpx top_power_routed.rpx
| Design           : top
| Device           : xc7a100tcsg324-1
| Design State     : routed
| Grade            : commercial
| Process          : typical
| Characterization : Production
-------------------------------------------------------------------------------------------------------------------------------------------------

Power Report

Table of Contents
-----------------
1. Summary
1.1 On-Chip Components
1.2 Power Supply Summary
1.3 Confidence Level
2. Settings
2.1 Environment
2.2 Clock Constraints
3. Detailed Reports
3.1 By Hierarchy

1. Summary
----------

+--------------------------+--------------+
| Total On-Chip Power (W)  | 1.185        |
| Design Power Budget (W)  | Unspecified* |
| Power Budget Margin (W)  | NA           |
| Dynamic (W)              | 1.077        |
| Device Static (W)        | 0.108        |
| Effective TJA (C/W)      | 4.6          |
| Max Ambient (C)          | 79.6         |
| Junction Temperature (C) | 30.4         |
| Confidence Level         | Low          |
| Setting File             | ---          |
| Simulation Activity File | ---          |
| Design Nets Matched      | NA           |
+--------------------------+--------------+
* Specify Design Power Budget using, set_operating_conditions -design_power_budget <value in Watts>


1.1 On-Chip Components
----------------------

+--------------------------+-----------+----------+-----------+-----------------+
| On-Chip                  | Power (W) | Used     | Available | Utilization (%) |
+--------------------------+-----------+----------+-----------+-----------------+
| Clocks                   |     0.072 |       24 |       --- |             --- |
| Slice Logic              |     0.008 |    57925 |       --- |             --- |
|   LUT as Logic           |     0.007 |    17319 |     63400 |           27.32 |
|   CARRY4                 |    <0.001 |      590 |     15850 |            3.72 |
|   LUT as Distributed RAM |    <0.001 |      494 |     19000 |            2.60 |
|   Register               |    <0.001 |    31401 |    126800 |           24.76 |
|   F7/F8 Muxes            |    <0.001 |     4928 |     63400 |            7.77 |
|   LUT as Shift Register  |    <0.001 |      174 |     19000 |            0.92 |
|   Others                 |    <0.001 |      342 |       --- |             --- |
| Signals                  |     0.014 |    43366 |       --- |             --- |
| Block RAM                |     0.019 |        5 |       135 |            3.70 |
| MMCM                     |     0.219 |        2 |         6 |           33.33 |
| PLL                      |     0.115 |        1 |         6 |           16.67 |
| DSPs                     |    <0.001 |        2 |       240 |            0.83 |
| I/O                      |     0.517 |      102 |       210 |           48.57 |
| PHASER                   |     0.110 |       14 |       --- |             --- |
| XADC                     |     0.004 |        1 |       --- |             --- |
| Static Power             |     0.108 |          |           |                 |
| Total                    |     1.185 |          |           |                 |
+--------------------------+-----------+----------+-----------+-----------------+


1.2 Power Supply Summary
------------------------

+-----------+-------------+-----------+-------------+------------+-------------+-------------+------------+
| Source    | Voltage (V) | Total (A) | Dynamic (A) | Static (A) | Powerup (A) | Budget (A)  | Margin (A) |
+-----------+-------------+-----------+-------------+------------+-------------+-------------+------------+
| Vccint    |       1.000 |     0.164 |       0.145 |      0.018 |       NA    | Unspecified | NA         |
| Vccaux    |       1.800 |     0.293 |       0.275 |      0.018 |       NA    | Unspecified | NA         |
| Vcco33    |       3.300 |     0.006 |       0.002 |      0.004 |       NA    | Unspecified | NA         |
| Vcco25    |       2.500 |     0.000 |       0.000 |      0.000 |       NA    | Unspecified | NA         |
| Vcco18    |       1.800 |     0.240 |       0.236 |      0.004 |       NA    | Unspecified | NA         |
| Vcco15    |       1.500 |     0.000 |       0.000 |      0.000 |       NA    | Unspecified | NA         |
| Vcco135   |       1.350 |     0.000 |       0.000 |      0.000 |       NA    | Unspecified | NA         |
| Vcco12    |       1.200 |     0.000 |       0.000 |      0.000 |       NA    | Unspecified | NA         |
| Vccaux_io |       1.800 |     0.000 |       0.000 |      0.000 |       NA    | Unspecified | NA         |
| Vccbram   |       1.000 |     0.002 |       0.001 |      0.000 |       NA    | Unspecified | NA         |
| MGTAVcc   |       1.000 |     0.000 |       0.000 |      0.000 |       NA    | Unspecified | NA         |
| MGTAVtt   |       1.200 |     0.000 |       0.000 |      0.000 |       NA    | Unspecified | NA         |
| Vccadc    |       1.800 |     0.022 |       0.002 |      0.020 |       NA    | Unspecified | NA         |
+-----------+-------------+-----------+-------------+------------+-------------+-------------+------------+


1.3 Confidence Level
--------------------

+-----------------------------+------------+--------------------------------------------------------+------------------------------------------------------------------------------------------------------------+
| User Input Data             | Confidence | Details                                                | Action                                                                                                     |
+-----------------------------+------------+--------------------------------------------------------+------------------------------------------------------------------------------------------------------------+
| Design implementation state | High       | Design is routed                                       |                                                                                                            |
| Clock nodes activity        | High       | User specified more than 95% of clocks                 |                                                                                                            |
| I/O nodes activity          | Low        | More than 75% of inputs are missing user specification | Provide missing input activity with simulation results or by editing the "By Resource Type -> I/Os" view   |
| Internal nodes activity     | Medium     | User specified less than 25% of internal nodes         | Provide missing internal nodes activity with simulation results or by editing the "By Resource Type" views |
| Device models               | High       | Device models are Production                           |                                                                                                            |
|                             |            |                                                        |                                                                                                            |
| Overall confidence level    | Low        |                                                        |                                                                                                            |
+-----------------------------+------------+--------------------------------------------------------+------------------------------------------------------------------------------------------------------------+


2. Settings
-----------

2.1 Environment
---------------

+-----------------------+--------------------------+
| Ambient Temp (C)      | 25.0                     |
| ThetaJA (C/W)         | 4.6                      |
| Airflow (LFM)         | 250                      |
| Heat Sink             | medium (Medium Profile)  |
| ThetaSA (C/W)         | 4.6                      |
| Board Selection       | medium (10"x10")         |
| # of Board Layers     | 12to15 (12 to 15 Layers) |
| Board Temperature (C) | 25.0                     |
+-----------------------+--------------------------+


2.2 Clock Constraints
---------------------

+-----------------------------------------------------------------------------------------------------------------------------------------------------------+---------------------------------------------------------------------------------------------------------------------------------------------------------------------------------------------------------------+-----------------+
| Clock                                                                                                                                                     | Domain                                                                                                                                                                                                        | Constraint (ns) |
+-----------------------------------------------------------------------------------------------------------------------------------------------------------+---------------------------------------------------------------------------------------------------------------------------------------------------------------------------------------------------------------+-----------------+
| clk_pll_i                                                                                                                                                 | u_bupt_riscv_mig/u_bupt_riscv_mig_mig/u_ddr2_infrastructure/clk_pll_i                                                                                                                                         |            12.3 |
| clkfb                                                                                                                                                     | clkgen/clkfb                                                                                                                                                                                                  |            10.0 |
| freq_refclk                                                                                                                                               | u_bupt_riscv_mig/u_bupt_riscv_mig_mig/u_ddr2_infrastructure/freq_refclk                                                                                                                                       |             1.5 |
| iserdes_clkdiv                                                                                                                                            | u_bupt_riscv_mig/u_bupt_riscv_mig_mig/u_memc_ui_top_axi/mem_intfc0/ddr_phy_top0/u_ddr_mc_phy_wrapper/u_ddr_mc_phy/ddr_phy_4lanes_0.u_ddr_phy_4lanes/ddr_byte_lane_A.ddr_byte_lane_A/iserdes_clkdiv            |            12.3 |
| iserdes_clkdiv_1                                                                                                                                          | u_bupt_riscv_mig/u_bupt_riscv_mig_mig/u_memc_ui_top_axi/mem_intfc0/ddr_phy_top0/u_ddr_mc_phy_wrapper/u_ddr_mc_phy/ddr_phy_4lanes_0.u_ddr_phy_4lanes/ddr_byte_lane_C.ddr_byte_lane_C/iserdes_clkdiv            |            12.3 |
| mem_refclk                                                                                                                                                | u_bupt_riscv_mig/u_bupt_riscv_mig_mig/u_ddr2_infrastructure/mem_refclk                                                                                                                                        |             3.1 |
| mig_sys_clk_200_unbuf                                                                                                                                     | clkgen/mig_sys_clk_200_unbuf                                                                                                                                                                                  |             5.0 |
| oserdes_clk                                                                                                                                               | u_bupt_riscv_mig/u_bupt_riscv_mig_mig/u_memc_ui_top_axi/mem_intfc0/ddr_phy_top0/u_ddr_mc_phy_wrapper/u_ddr_mc_phy/ddr_phy_4lanes_0.u_ddr_phy_4lanes/ddr_byte_lane_A.ddr_byte_lane_A/oserdes_clk               |             3.1 |
| oserdes_clk_1                                                                                                                                             | u_bupt_riscv_mig/u_bupt_riscv_mig_mig/u_memc_ui_top_axi/mem_intfc0/ddr_phy_top0/u_ddr_mc_phy_wrapper/u_ddr_mc_phy/ddr_phy_4lanes_0.u_ddr_phy_4lanes/ddr_byte_lane_B.ddr_byte_lane_B/oserdes_clk               |             3.1 |
| oserdes_clk_2                                                                                                                                             | u_bupt_riscv_mig/u_bupt_riscv_mig_mig/u_memc_ui_top_axi/mem_intfc0/ddr_phy_top0/u_ddr_mc_phy_wrapper/u_ddr_mc_phy/ddr_phy_4lanes_0.u_ddr_phy_4lanes/ddr_byte_lane_C.ddr_byte_lane_C/oserdes_clk               |             3.1 |
| oserdes_clk_3                                                                                                                                             | u_bupt_riscv_mig/u_bupt_riscv_mig_mig/u_memc_ui_top_axi/mem_intfc0/ddr_phy_top0/u_ddr_mc_phy_wrapper/u_ddr_mc_phy/ddr_phy_4lanes_0.u_ddr_phy_4lanes/ddr_byte_lane_D.ddr_byte_lane_D/oserdes_clk               |             3.1 |
| oserdes_clkdiv                                                                                                                                            | u_bupt_riscv_mig/u_bupt_riscv_mig_mig/u_memc_ui_top_axi/mem_intfc0/ddr_phy_top0/u_ddr_mc_phy_wrapper/u_ddr_mc_phy/ddr_phy_4lanes_0.u_ddr_phy_4lanes/ddr_byte_lane_A.ddr_byte_lane_A/oserdes_clkdiv            |             6.2 |
| oserdes_clkdiv_1                                                                                                                                          | u_bupt_riscv_mig/u_bupt_riscv_mig_mig/u_memc_ui_top_axi/mem_intfc0/ddr_phy_top0/u_ddr_mc_phy_wrapper/u_ddr_mc_phy/ddr_phy_4lanes_0.u_ddr_phy_4lanes/ddr_byte_lane_B.ddr_byte_lane_B/oserdes_clkdiv            |            12.3 |
| oserdes_clkdiv_2                                                                                                                                          | u_bupt_riscv_mig/u_bupt_riscv_mig_mig/u_memc_ui_top_axi/mem_intfc0/ddr_phy_top0/u_ddr_mc_phy_wrapper/u_ddr_mc_phy/ddr_phy_4lanes_0.u_ddr_phy_4lanes/ddr_byte_lane_C.ddr_byte_lane_C/oserdes_clkdiv            |             6.2 |
| oserdes_clkdiv_3                                                                                                                                          | u_bupt_riscv_mig/u_bupt_riscv_mig_mig/u_memc_ui_top_axi/mem_intfc0/ddr_phy_top0/u_ddr_mc_phy_wrapper/u_ddr_mc_phy/ddr_phy_4lanes_0.u_ddr_phy_4lanes/ddr_byte_lane_D.ddr_byte_lane_D/oserdes_clkdiv            |            12.3 |
| pll_clk3_out                                                                                                                                              | u_bupt_riscv_mig/u_bupt_riscv_mig_mig/u_ddr2_infrastructure/pll_clk3_out                                                                                                                                      |            12.3 |
| pll_clkfbout                                                                                                                                              | u_bupt_riscv_mig/u_bupt_riscv_mig_mig/u_ddr2_infrastructure/pll_clkfbout                                                                                                                                      |            10.0 |
| soc_clk_100_unbuf                                                                                                                                         | clkgen/soc_clk_100_unbuf                                                                                                                                                                                      |            10.0 |
| sync_pulse                                                                                                                                                | u_bupt_riscv_mig/u_bupt_riscv_mig_mig/u_ddr2_infrastructure/sync_pulse                                                                                                                                        |            49.2 |
| sys_clk_pin                                                                                                                                               | clk100mhz                                                                                                                                                                                                     |            10.0 |
| u_memc_ui_top_axi/mem_intfc0/ddr_phy_top0/u_ddr_mc_phy_wrapper/u_ddr_mc_phy/ddr_phy_4lanes_0.u_ddr_phy_4lanes/ddr_byte_lane_A.ddr_byte_lane_A/iserdes_clk | u_bupt_riscv_mig/u_bupt_riscv_mig_mig/u_memc_ui_top_axi/mem_intfc0/ddr_phy_top0/u_ddr_mc_phy_wrapper/u_ddr_mc_phy/ddr_phy_4lanes_0.u_ddr_phy_4lanes/ddr_byte_lane_A.ddr_byte_lane_A/phaser_in_gen.phaser_in_0 |             3.1 |
| u_memc_ui_top_axi/mem_intfc0/ddr_phy_top0/u_ddr_mc_phy_wrapper/u_ddr_mc_phy/ddr_phy_4lanes_0.u_ddr_phy_4lanes/ddr_byte_lane_C.ddr_byte_lane_C/iserdes_clk | u_bupt_riscv_mig/u_bupt_riscv_mig_mig/u_memc_ui_top_axi/mem_intfc0/ddr_phy_top0/u_ddr_mc_phy_wrapper/u_ddr_mc_phy/ddr_phy_4lanes_0.u_ddr_phy_4lanes/ddr_byte_lane_C.ddr_byte_lane_C/phaser_in_gen.phaser_in_0 |             3.1 |
+-----------------------------------------------------------------------------------------------------------------------------------------------------------+---------------------------------------------------------------------------------------------------------------------------------------------------------------------------------------------------------------+-----------------+


3. Detailed Reports
-------------------

3.1 By Hierarchy
----------------

+----------------------------------+-----------+
| Name                             | Power (W) |
+----------------------------------+-----------+
| top                              |     1.077 |
|   clkgen                         |     0.107 |
|   soc                            |     0.080 |
|     bus                          |     0.054 |
|       acceptance                 |     0.001 |
|       dcache                     |     0.011 |
|       iboot                      |     0.018 |
|       icache_i                   |     0.019 |
|       ram                        |     0.002 |
|     cpu                          |     0.025 |
|       bp                         |     0.016 |
|       div_unit                   |     0.002 |
|       mul_unit                   |     0.002 |
|   u_bupt_riscv_mig               |     0.878 |
|     u_bupt_riscv_mig_mig         |     0.877 |
|       temp_mon_enabled.u_tempmon |     0.007 |
|       u_ddr2_infrastructure      |     0.227 |
|       u_memc_ui_top_axi          |     0.642 |
+----------------------------------+-----------+


