ECHO is off.
ECHO is off.

****** Vivado v2023.2 (64-bit)
  **** SW Build 4029153 on Fri Oct 13 20:14:34 MDT 2023
  **** IP Build 4028589 on Sat Oct 14 00:45:43 MDT 2023
  **** SharedData Build 4025554 on Tue Oct 10 17:18:54 MDT 2023
    ** Copyright 1986-2022 Xilinx, Inc. All Rights Reserved.
    ** Copyright 2022-2023 Advanced Micro Devices, Inc. All Rights Reserved.

source {scripts\sim_bupt_riscv.tcl}
# set script_dir [file dirname [file normalize [info script]]]
# set repo_dir [file normalize [file join $script_dir ..]]
# set sim_dir [file normalize [file join $repo_dir build bupt_riscv_sim]]
# set proj_dir [file normalize [file join $sim_dir vivado]]
# set common_files [glob -nocomplain [file join $repo_dir src common *.v]]
# set core_files [glob -nocomplain [file join $repo_dir src bupt_riscv riscv_core *.v]]
# set soc_files [glob -nocomplain [file join $repo_dir src bupt_riscv *.v]]
# if {[llength $common_files] == 0} {
#     error "No UART/common RTL found under src/common/*.v"
# }
# if {[llength $core_files] == 0} {
#     error "No RISC-V core RTL found under src/bupt_riscv/riscv_core/*.v"
# }
# if {[llength $soc_files] == 0} {
#     error "No SoC RTL found under src/bupt_riscv/*.v"
# }
# file mkdir $sim_dir
# cd $sim_dir
# create_project bupt_riscv_sim $proj_dir -part xc7a100tcsg324-1 -force
create_project: Time (s): cpu = 00:00:11 ; elapsed = 00:00:12 . Memory (MB): peak = 486.746 ; gain = 179.621
# file copy -force [file join $repo_dir src bupt_riscv bupt_riscv_boot.mem] [file join $sim_dir bupt_riscv_boot.mem]
# file mkdir [file join $proj_dir bupt_riscv_sim.sim sim_1 behav xsim]
# file copy -force [file join $repo_dir src bupt_riscv bupt_riscv_boot.mem] [file join $proj_dir bupt_riscv_sim.sim sim_1 behav xsim bupt_riscv_boot.mem]
# add_files $common_files
# add_files $core_files
# foreach rtl $soc_files {
#     if {[lsearch -exact {top.v clock_gen.v mig_axi_adapter.v} [file tail $rtl]] < 0} {
#         add_files $rtl
#     }
# }
# set sim_files [glob -nocomplain [file join $repo_dir sim *.v]]
# if {[llength $sim_files] == 0} {
#     error "No simulation testbenches found under sim/*.v"
# }
# add_files -fileset sim_1 $sim_files
# update_compile_order -fileset sim_1
# proc run_tb {proj_dir tb_name success_marker} {
#     set_property top $tb_name [get_filesets sim_1]
#     launch_simulation -simset sim_1 -mode behavioral
#     restart
#     run all
#     close_sim
#     set sim_log [file join $proj_dir bupt_riscv_sim.sim sim_1 behav xsim simulate.log]
#     if {![file exists $sim_log]} {
#         error "Simulation log not found for $tb_name: $sim_log"
#     }
#     set fh [open $sim_log r]
#     set log_text [read $fh]
#     close $fh
#     if {[string first "Simulation Failed" $log_text] >= 0} {
#         error "Simulation reported failure for $tb_name"
#     }
#     if {[string first $success_marker $log_text] < 0} {
#         error "Simulation success marker not found for $tb_name"
#     }
# }
# set tests {
#     {bupt_riscv_acceptance_tb {Simulation succeeded: enhanced acceptance UART verified}}
#     {bupt_riscv_tb {Simulation succeeded: BUPT RISC-V CPU verified}}
#     {bupt_riscv_demo_tb {Simulation succeeded: pipeline demo stepping verified}}
#     {bupt_riscv_scenarios_tb {Simulation succeeded: enhanced pipeline scenarios verified}}
#     {pipeline_demo_panel_tb {Simulation succeeded: pipeline demo panel verified}}
#     {acceptance_mmio_tb {Simulation succeeded: acceptance MMIO verified}}
# }
# foreach test $tests {
#     lassign $test tb_name success_marker
#     if {![info exists env(BUPT_RISCV_SIM_ONLY)] ||
#         $env(BUPT_RISCV_SIM_ONLY) eq "" ||
#         $env(BUPT_RISCV_SIM_ONLY) eq $tb_name} {
#         run_tb $proj_dir $tb_name $success_marker
#     }
# }
Command: launch_simulation  -simset sim_1 -mode behavioral
INFO: [Vivado 12-12493] Simulation top is 'pipeline_demo_panel_tb'
WARNING: [Vivado 12-13340] Unable to auto find GCC executables from simulator install path! (path not set)
INFO: [Vivado 12-5682] Launching behavioral simulation in 'D:/CodeProject/Verilog_Project/COCP/Verilog/build/bupt_riscv_sim/vivado/bupt_riscv_sim.sim/sim_1/behav/xsim'
INFO: [SIM-utils-51] Simulation object is 'sim_1'
INFO: [SIM-utils-72] Using boost library from 'D:/Xilinx/Vivado/2023.2/tps/boost_1_72_0'
INFO: [SIM-utils-54] Inspecting design source files for 'pipeline_demo_panel_tb' in fileset 'sim_1'...
INFO: [USF-XSim-97] Finding global include files...
INFO: [USF-XSim-98] Fetching design files from 'sim_1'...
INFO: [USF-XSim-2] XSim::Compile design
INFO: [USF-XSim-61] Executing 'COMPILE and ANALYZE' step in 'D:/CodeProject/Verilog_Project/COCP/Verilog/build/bupt_riscv_sim/vivado/bupt_riscv_sim.sim/sim_1/behav/xsim'
"xvlog --incr --relax -prj pipeline_demo_panel_tb_vlog.prj"

ECHO is off.

ECHO is off.

INFO: [VRFC 10-2263] Analyzing Verilog file "D:/CodeProject/Verilog_Project/COCP/Verilog/src/bupt_riscv/pipeline_demo_panel.v" into library xil_defaultlib

INFO: [VRFC 10-311] analyzing module pipeline_demo_panel

INFO: [VRFC 10-2263] Analyzing Verilog file "D:/CodeProject/Verilog_Project/COCP/Verilog/sim/pipeline_demo_panel_tb.v" into library xil_defaultlib

INFO: [VRFC 10-311] analyzing module pipeline_demo_panel_tb

INFO: [VRFC 10-2263] Analyzing Verilog file "D:/CodeProject/Verilog_Project/COCP/Verilog/build/bupt_riscv_sim/vivado/bupt_riscv_sim.sim/sim_1/behav/xsim/glbl.v" into library xil_defaultlib

INFO: [VRFC 10-311] analyzing module glbl

INFO: [USF-XSim-69] 'compile' step finished in '2' seconds
INFO: [USF-XSim-3] XSim::Elaborate design
INFO: [USF-XSim-61] Executing 'ELABORATE' step in 'D:/CodeProject/Verilog_Project/COCP/Verilog/build/bupt_riscv_sim/vivado/bupt_riscv_sim.sim/sim_1/behav/xsim'
"xelab --incr --debug typical --relax --mt 2 -L xil_defaultlib -L unisims_ver -L unimacro_ver -L secureip --snapshot pipeline_demo_panel_tb_behav xil_defaultlib.pipeline_demo_panel_tb xil_defaultlib.glbl -log elaborate.log"

ECHO is off.

ECHO is off.

Vivado Simulator v2023.2

Copyright 1986-2022 Xilinx, Inc. All Rights Reserved.

Copyright 2022-2023 Advanced Micro Devices, Inc. All Rights Reserved.

Running: D:/Xilinx/Vivado/2023.2/bin/unwrapped/win64.o/xelab.exe --incr --debug typical --relax --mt 2 -L xil_defaultlib -L unisims_ver -L unimacro_ver -L secureip --snapshot pipeline_demo_panel_tb_behav xil_defaultlib.pipeline_demo_panel_tb xil_defaultlib.glbl -log elaborate.log 

Using 2 slave threads.

Starting static elaboration

Pass Through NonSizing Optimizer

Completed static elaboration

Starting simulation data flow analysis

Completed simulation data flow analysis

Time Resolution for simulation is 1ps

Compiling module xil_defaultlib.pipeline_demo_panel

Compiling module xil_defaultlib.pipeline_demo_panel_tb

Compiling module xil_defaultlib.glbl

Built simulation snapshot pipeline_demo_panel_tb_behav

INFO: [USF-XSim-69] 'elaborate' step finished in '2' seconds
INFO: [USF-XSim-4] XSim::Simulate design
INFO: [USF-XSim-61] Executing 'SIMULATE' step in 'D:/CodeProject/Verilog_Project/COCP/Verilog/build/bupt_riscv_sim/vivado/bupt_riscv_sim.sim/sim_1/behav/xsim'
INFO: [USF-XSim-98] *** Running xsim
   with args "pipeline_demo_panel_tb_behav -key {Behavioral:sim_1:Functional:pipeline_demo_panel_tb} -tclbatch {pipeline_demo_panel_tb.tcl} -log {simulate.log}"
INFO: [USF-XSim-8] Loading simulator feature
Time resolution is 1 ps
source pipeline_demo_panel_tb.tcl
## current_wave_config
Simulation succeeded: pipeline demo panel verified
$finish called at time : 29 ns : File "D:/CodeProject/Verilog_Project/COCP/Verilog/sim/pipeline_demo_panel_tb.v" Line 106
INFO: [USF-XSim-96] XSim completed. Design snapshot 'pipeline_demo_panel_tb_behav' loaded.
INFO: [USF-XSim-97] XSim simulation ran for 1000ns
launch_simulation: Time (s): cpu = 00:00:00 ; elapsed = 00:00:08 . Memory (MB): peak = 497.750 ; gain = 11.004
INFO: [Wavedata 42-604] Simulation restarted
Simulation succeeded: pipeline demo panel verified
$finish called at time : 29 ns : File "D:/CodeProject/Verilog_Project/COCP/Verilog/sim/pipeline_demo_panel_tb.v" Line 106
INFO: [Simtcl 6-16] Simulation closed
# puts "BUPT_RISCV_SIM_DONE"
BUPT_RISCV_SIM_DONE
INFO: [Common 17-206] Exiting Vivado at Thu Jul 16 15:13:12 2026...
